[INFO] Wolfram $VersionNumber = 15.
[WARN] Wolfram >= 14 detected. FeynRules 2.3.49 requires the Commutator/MatrixSymbol unprotect patch (FeynRules PR #6) on this kernel; without it the UFO export produces malformed output.
[INFO] Loading via explicit file: /Users/kenwu/feynrules-current/FeynRules.m
 - FeynRules - 
Version: 2.3.49 (*29 September 2021).
Authors: A. Alloul, N. Christensen, C. Degrande, C. Duhr, B. Fuks
 
Please cite:
    - Comput.Phys.Commun.185:2250-2300,2014 (arXiv:1310.1921);
    - Comput.Phys.Commun.180:1614-1641,2009 (arXiv:0806.4194).
 
http://feynrules.phys.ucl.ac.be
 
The FeynRules palette can be opened using the command FRPalette[].
[INFO] Loading SM from: /Users/kenwu/feynrules-current/Models/SM/SM.fr
From kernel 1 (Local):
MergeModels::Particles: Warning: Doubly defined particle classes.
From kernel 2 (Local):
MergeModels::Particles: Warning: Doubly defined particle classes.
From kernel 3 (Local):
MergeModels::Particles: Warning: Doubly defined particle classes.
From kernel 4 (Local):
MergeModels::Particles: Warning: Doubly defined particle classes.
From kernel 5 (Local):
MergeModels::Particles: Warning: Doubly defined particle classes.

General::stop: Further output of Warning: Doubly defined particle classes. will be suppressed during this calculation.
From kernel 1 (Local):
LoadModel::QN: Warning: Selfconjugated fields should not carry quantumnumbers.
From kernel 3 (Local):
LoadModel::QN: Warning: Selfconjugated fields should not carry quantumnumbers.
From kernel 6 (Local):
LoadModel::QN: Warning: Selfconjugated fields should not carry quantumnumbers.
From kernel 7 (Local):
LoadModel::QN: Warning: Selfconjugated fields should not carry quantumnumbers.
From kernel 8 (Local):
LoadModel::QN: Warning: Selfconjugated fields should not carry quantumnumbers.

General::stop: Further output of Warning: Selfconjugated fields should not carry quantumnumbers. will be suppressed during this calculation.
From kernel 1 (Local):
LoadModel::Part: Warning : All particles should have different names.
From kernel 3 (Local):
LoadModel::Part: Warning : All particles should have different names.
From kernel 6 (Local):
LoadModel::Part: Warning : All particles should have different names.
From kernel 7 (Local):
LoadModel::Part: Warning : All particles should have different names.
From kernel 8 (Local):
LoadModel::Part: Warning : All particles should have different names.

General::stop: Further output of Warning : All particles should have different names. will be suppressed during this calculation.
From kernel 1 (Local):
General::stop: Further output of LoadModel::QN will be suppressed during this calculation.
From kernel 3 (Local):
General::stop: Further output of LoadModel::QN will be suppressed during this calculation.
From kernel 6 (Local):
General::stop: Further output of LoadModel::QN will be suppressed during this calculation.
From kernel 7 (Local):
General::stop: Further output of LoadModel::QN will be suppressed during this calculation.
From kernel 8 (Local):
General::stop: Further output of LoadModel::QN will be suppressed during this calculation.

General::stop: Further output of Further output of `1` will be suppressed during this calculation. will be suppressed during this calculation.
Merging model-files...

MergeModels::Particles: Warning: Doubly defined particle classes.
This model implementation was created by
Chiara Arina
Ankit Beniwal
Celine Degrande
Jan Heisig
Andre Scaffidi
Model Version: 1.0.0
For more information, type ModelInformation[].

   - Loading particle classes.

LoadModel::QN: Warning: Selfconjugated fields should not carry quantumnumbers.

LoadModel::QN: Warning: Selfconjugated fields should not carry quantumnumbers.

LoadModel::Part: Warning : All particles should have different names.

LoadModel::Part: Warning : All particles should have different names.

LoadModel::QN: Warning: Selfconjugated fields should not carry quantumnumbers.

General::stop: Further output of LoadModel::QN will be suppressed during this calculation.

LoadModel::Part: Warning : All particles should have different names.

General::stop: Further output of LoadModel::Part will be suppressed during this calculation.
   - Loading gauge group classes.
   - Loading parameter classes.

Model pNG_gen loaded.
[INFO] Lagrangian: LSM + LScalarPng
[INFO] Running consistency checks: hermiticity, kinetic_diagonal, mass_diagonal, mass_spectrum
HEPTAPOD-CHECK|scope=model|name=hermiticity|verdict=fail|detail=Checking for hermiticity by calculating the Feynman rules contained in L-HC[L]. If the lagrangian is hermitian, then the number of vertices should be zero. Starting Feynman rule calculation. Expanding the Lagrangian... Expanding the indices over 8 cores Collecting the different structures that enter the vertex. 5 possible non-zero vertices have been found -> starting the computation: Dynamic[FR$Fe
HEPTAPOD-CHECK|scope=model|name=kinetic_diagonal|verdict=pass|detail=Neglecting all terms with more than 2 particles. All kinetic terms are diagonal.
HEPTAPOD-CHECK|scope=model|name=mass_diagonal|verdict=fail|detail=Warning: not numerical value encountered. Unable to decide whether mass term is diagonal Non diagonal mass term found:    1         2               2     I     2              2     I                 2        I                           I               2                  I                                   I                  2            2   I                 2            2   I                 2   
HEPTAPOD-CHECK|scope=model|name=mass_spectrum|verdict=inconclusive|detail=Neglecting all terms with more than 2 particles. Warning: not numerical value encountered. Unable to decide whether mass term is diagonal Non diagonal mass term found:    1         2               2     I     2              2     I                 2        I                           I               2                  I                                   I                  2            2   I       
[INFO] ChecksOnly=true; skipping UFO generation.
[INFO] Done.
