[INFO] Loading via explicit file: /Users/kenwu/feynrules-current/FeynRules.m
 - FeynRules - 
Version: 2.3.49 (*29 September 2021).
Authors: A. Alloul, N. Christensen, C. Degrande, C. Duhr, B. Fuks
 
Please cite:
    - Comput.Phys.Commun.185:2250-2300,2014 (arXiv:1310.1921);
    - Comput.Phys.Commun.180:1614-1641,2009 (arXiv:0806.4194).
 
http://feynrules.phys.ucl.ac.be
 
The FeynRules palette can be opened using the command FRPalette[].
[INFO] Loading SM from: /Users/kenwu/feynrules-current/Models/SM/SM.fr
Merging model-files...
This model implementation was created by
O. Antipin
M. Redi
Model Version: 1.0
For more information, type ModelInformation[].

   - Loading particle classes.
   - Loading gauge group classes.
   - Loading parameter classes.

Model VLC_LN_gen loaded.
[INFO] Total Lagrangian: LSM + LVLCLN
[INFO] Running FeynRules consistency checks.
HEPTAPOD-CHECK-BEGIN: hermiticity
Checking for hermiticity by calculating the Feynman rules contained in L-HC[L].
If the lagrangian is hermitian, then the number of vertices should be zero.
Starting Feynman rule calculation.
Expanding the Lagrangian...
Expanding the indices over 8 cores
Collecting the different structures that enter the vertex.
No vertices found.
0 vertices obtained.
The lagrangian is hermitian.
HEPTAPOD-CHECK-END: hermiticity
HEPTAPOD-CHECK-BEGIN: kinetic_terms
Neglecting all terms with more than 2 particles.
All kinetic terms are diagonal.
HEPTAPOD-CHECK-END: kinetic_terms
HEPTAPOD-CHECK-BEGIN: mass_spectrum
Neglecting all terms with more than 2 particles.
Non diagonal mass term found: -(Sqrt[2]*BB*fpi^2*GP*gRho*K2pbar)
Non diagonal mass term found: BB*fpi^2*G0*gRho*K2zbar
Non diagonal mass term found: -I*BB*fpi^2*gRho*H*K2zbar
Non diagonal mass term found: (AA*eta*fpi*gRho*K2zbar*vev)/Sqrt[3]
Non diagonal mass term found: AA*fpi*gRho*K2zbar*pi30*vev
Non diagonal mass term found: -(Sqrt[2]*AA*fpi*gRho*K2pbar*pi3p*vev)
Non diagonal mass term found: (eta*fpi*gRho*K2z*vev*Conjugate[AA])/Sqrt[3]
Non diagonal mass term found: fpi*gRho*K2z*pi30*vev*Conjugate[AA]
Non diagonal mass term found: -(Sqrt[2]*fpi*gRho*K2p*pi3pbar*vev*Conjugate[AA])
Non diagonal mass term found: -(Sqrt[2]*fpi^2*GPbar*gRho*K2p*Conjugate[BB])
Non diagonal mass term found: fpi^2*G0*gRho*K2z*Conjugate[BB]
Non diagonal mass term found: I*fpi^2*gRho*H*K2z*Conjugate[BB]
HEPTAPOD-CHECK-END: mass_spectrum
[INFO] UFO output: /tmp/rerun_bench/v2_s1/VLC_LN_UFO  (AddDecays -> False)
 --- Universal FeynRules Output (UFO) v 1.1 ---
Starting Feynman rule calculation.
Expanding the Lagrangian...
Expanding the indices over 8 cores
Collecting the different structures that enter the vertex.
180 possible non-zero vertices have been found -> starting the computation: Dynamic[FR$FeynmanRules] / 180.
171 vertices obtained.
Flavor expansion of the vertices distributed over 8 cores: Dynamic[FR$Count1] / 171
   - Saved vertices in InterfaceRun[ 1 ].
Preparing Python output.
    - Splitting vertices into building blocks.
Splitting of vertices distributed over 8 kernels.
    - Optimizing: Dynamic[PRIVATE`PY$SplitVertexCounter]/241 .
    - Writing files.
Warning: Non positive interaction order QED.
                This might reduce the efficiency of certain matrix element generators.
                See logfile for more details.
Done!
[INFO] Done.
