[INFO] Wolfram $VersionNumber = 15.
[WARN] Wolfram >= 14 detected. FeynRules 2.3.49 requires the Commutator/MatrixSymbol unprotect patch (FeynRules PR #6) on this kernel; without it the UFO export produces malformed output.
[INFO] Loading via explicit file: /Users/kenwu/feynrules-current/FeynRules.m
 - FeynRules - 
Version: 2.3.49 (*29 September 2021).
Authors: A. Alloul, N. Christensen, C. Degrande, C. Duhr, B. Fuks
 
Please cite:
    - Comput.Phys.Commun.185:2250-2300,2014 (arXiv:1310.1921);
    - Comput.Phys.Commun.180:1614-1641,2009 (arXiv:0806.4194).
 
http://feynrules.phys.ucl.ac.be
 
The FeynRules palette can be opened using the command FRPalette[].
[INFO] Loading SM from: /Users/kenwu/feynrules-current/Models/SM/SM.fr
From kernel 1 (Local):
Format::nosym: PRIVATE`ii$__ does not contain a symbol to attach a rule to.
From kernel 2 (Local):
Format::nosym: PRIVATE`ii$__ does not contain a symbol to attach a rule to.
From kernel 5 (Local):
Format::nosym: PRIVATE`ii$__ does not contain a symbol to attach a rule to.
From kernel 8 (Local):
Format::nosym: PRIVATE`ii$__ does not contain a symbol to attach a rule to.
From kernel 1 (Local):
Format::nosym: PRIVATE`ii$__ does not contain a symbol to attach a rule to.

General::stop: Further output of Format::nosym will be suppressed during this calculation.
From kernel 1 (Local):
General::stop: Further output of Format::nosym will be suppressed during this calculation.
From kernel 2 (Local):
General::stop: Further output of Format::nosym will be suppressed during this calculation.
From kernel 5 (Local):
General::stop: Further output of Format::nosym will be suppressed during this calculation.
From kernel 8 (Local):
General::stop: Further output of Format::nosym will be suppressed during this calculation.
From kernel 3 (Local):
General::stop: Further output of Format::nosym will be suppressed during this calculation.

General::stop: Further output of Further output of `1` will be suppressed during this calculation. will be suppressed during this calculation.
Merging model-files...
This model implementation was created by
B. Fuks
J. Neundorf
K. Peters
R. Ruiz
M. Saimpert
Model Version: 1.0
For more information, type ModelInformation[].

   - Loading particle classes.

Format::nosym: PRIVATE`ii$__ does not contain a symbol to attach a rule to.

Format::nosym: PRIVATE`ii$__ does not contain a symbol to attach a rule to.

Format::nosym: PRIVATE`ii$__ does not contain a symbol to attach a rule to.

General::stop: Further output of Format::nosym will be suppressed during this calculation.
   - Loading gauge group classes.
   - Loading parameter classes.

Model SMWeinberg_gen loaded.
[INFO] Lagrangian: LTotal
[INFO] Running consistency checks: hermiticity, kinetic_diagonal, mass_diagonal, mass_spectrum

N::argt: N called with 0 arguments; 1 or 2 arguments are expected.

PutIndices::NoIndexMath: -- Message text not found --

N::argt: N called with 0 arguments; 1 or 2 arguments are expected.

PutIndices::NoIndexMath: -- Message text not found --

N::argt: N called with 0 arguments; 1 or 2 arguments are expected.

General::stop: Further output of N::argt will be suppressed during this calculation.

PutIndices::NoIndexMath: -- Message text not found --

General::stop: Further output of PutIndices::NoIndexMath will be suppressed during this calculation.
HEPTAPOD-CHECK|scope=model|name=hermiticity|verdict=fail|detail=Checking for hermiticity by calculating the Feynman rules contained in L-HC[L]. If the lagrangian is hermitian, then the number of vertices should be zero. Starting Feynman rule calculation. Expanding the Lagrangian... Expanding the indices over 8 cores Collecting the different structures that enter the vertex. 15 possible non-zero vertices have been found -> starting the computation: Dynamic[FR$F
HEPTAPOD-CHECK|scope=model|name=kinetic_diagonal|verdict=pass|detail=Neglecting all terms with more than 2 particles. All kinetic terms are diagonal.
HEPTAPOD-CHECK|scope=model|name=mass_diagonal|verdict=fail|detail=Warning: not numerical value encountered. Unable to decide whether mass term is diagonal Non diagonal mass term found:    1                                       I                                    I (-(-) I) ee GP mN bar[CC[e]] . ProjM . N   - ee GP mN bar[CC[mu]] . ProjM . N   - ee GP mN bar[CC[ta]] . ProjM . N    2                                       2                                    2 --
HEPTAPOD-CHECK|scope=model|name=mass_spectrum|verdict=inconclusive|detail=Neglecting all terms with more than 2 particles. Warning: not numerical value encountered. Unable to decide whether mass term is diagonal Non diagonal mass term found:    1                                       I                                    I (-(-) I) ee GP mN bar[CC[e]] . ProjM . N   - ee GP mN bar[CC[mu]] . ProjM . N   - ee GP mN bar[CC[ta]] . ProjM . N    2                               
[INFO] ChecksOnly=true; skipping UFO generation.
[INFO] Done.
