[INFO] Wolfram $VersionNumber = 15.
[WARN] Wolfram >= 14 detected. FeynRules 2.3.49 requires the Commutator/MatrixSymbol unprotect patch (FeynRules PR #6) on this kernel; without it the UFO export produces malformed output.
[INFO] Loading via explicit file: /Users/kenwu/feynrules-current/FeynRules.m
 - FeynRules - 
Version: 2.3.49 (*29 September 2021).
Authors: A. Alloul, N. Christensen, C. Degrande, C. Duhr, B. Fuks
 
Please cite:
    - Comput.Phys.Commun.185:2250-2300,2014 (arXiv:1310.1921);
    - Comput.Phys.Commun.180:1614-1641,2009 (arXiv:0806.4194).
 
http://feynrules.phys.ucl.ac.be
 
The FeynRules palette can be opened using the command FRPalette[].
[INFO] Loading SM from: /Users/kenwu/feynrules-current/Models/SM/SM.fr
Merging model-files...
This model implementation was created by
Stefan Antusch
Jan Hajer
Johannes Rosskopp
Model Version: 1.0
For more information, type ModelInformation[].

   - Loading particle classes.
   - Loading gauge group classes.
   - Loading parameter classes.

Model pSPSS_gen loaded.
[INFO] Lagrangian: LSM + LTot
[INFO] Running consistency checks: hermiticity, kinetic_diagonal, mass_diagonal, mass_spectrum
HEPTAPOD-CHECK|scope=model|name=hermiticity|verdict=pass|detail=Checking for hermiticity by calculating the Feynman rules contained in L-HC[L]. If the lagrangian is hermitian, then the number of vertices should be zero. Starting Feynman rule calculation. Expanding the Lagrangian... Expanding the indices over 8 cores Collecting the different structures that enter the vertex. No vertices found. 0 vertices obtained. The lagrangian is hermitian.
HEPTAPOD-CHECK|scope=model|name=kinetic_diagonal|verdict=fail|detail=Neglecting all terms with more than 2 particles. Non diagonal kinetic term found: n4bar[Index[Spin, r$18100]] . del[n5[Index[Spin1]], Index[Lorentz, mu]] Ga[0, r$18100, Index[Spin2]] Ga[Index[Lorentz, mu], Index[Spin, i$30237], Index[Spin, j$30237]] ------------------------------------------------------------------------------------------------------------------------------------------------------
HEPTAPOD-CHECK|scope=model|name=mass_diagonal|verdict=fail|detail=Warning: not numerical value encountered. Unable to decide whether mass term is diagonal Non diagonal mass term found:   Mmaj Conjugate[Un[Index[Neutrino, 5], Index[Neutrino, 4]]] n4bar[Index[Spin, r$18104]] . n5[Index[Spin, sp1]] . Ga[0] Ga[0, r$18104, sp1]    I Mmaj Conjugate[Ga[0, r$18100, sp1]] n4bar[Index[Spin, r$18100]] . n5[Index[Spin, sp1]] Un[Index[Neutrino, 5], Index[Neutrino, 5]]   I   
HEPTAPOD-CHECK|scope=model|name=mass_spectrum|verdict=inconclusive|detail=Neglecting all terms with more than 2 particles. Warning: not numerical value encountered. Unable to decide whether mass term is diagonal Non diagonal mass term found:   Mmaj Conjugate[Un[Index[Neutrino, 5], Index[Neutrino, 4]]] n4bar[Index[Spin, r$18104]] . n5[Index[Spin, sp1]] . Ga[0] Ga[0, r$18104, sp1]    I Mmaj Conjugate[Ga[0, r$18100, sp1]] n4bar[Index[Spin, r$18100]] . n5[Index[Spin, sp1]] 
[INFO] ChecksOnly=true; skipping UFO generation.
[INFO] Done.
