[INFO] Loading via explicit file: /Users/kenwu/feynrules-current/FeynRules.m
 - FeynRules - 
Version: 2.3.49 (*29 September 2021).
Authors: A. Alloul, N. Christensen, C. Degrande, C. Duhr, B. Fuks
 
Please cite:
    - Comput.Phys.Commun.185:2250-2300,2014 (arXiv:1310.1921);
    - Comput.Phys.Commun.180:1614-1641,2009 (arXiv:0806.4194).
 
http://feynrules.phys.ucl.ac.be
 
The FeynRules palette can be opened using the command FRPalette[].
[INFO] Loading SM from: /Users/kenwu/feynrules-current/Models/SM/SM.fr
Merging model-files...
This model implementation was created by
M. J. Baker
J. Fuentes-Martin
G. Isidori
M. Koenig
Model Version: 1.0
For more information, type ModelInformation[].

   - Loading particle classes.
   - Loading gauge group classes.
   - Loading parameter classes.

Model LeptoQuark_gen loaded.
[INFO] Total Lagrangian: LSM + LTotal
[INFO] Running FeynRules consistency checks.
HEPTAPOD-CHECK-BEGIN: hermiticity
Checking for hermiticity by calculating the Feynman rules contained in L-HC[L].
If the lagrangian is hermitian, then the number of vertices should be zero.
Starting Feynman rule calculation.
Expanding the Lagrangian...
Expanding the indices over 8 cores
Collecting the different structures that enter the vertex.
43 possible non-zero vertices have been found -> starting the computation: Dynamic[FR$FeynmanRules] / 43.
42 vertices obtained.
The lagrangian appears not to be hermitian.
Non vanishing terms during the Feynman rule calculation for L - HC[L]:
{{{bbar, 1}, {b, 2}, {Gp, 3}}, -I*gGp*T[Index[Gluon, Ext[3]], Index[Colour, Ext[1]], Index[Colour, Ext[2]]]*(CKM[Index[Generation, 3], Index[Generation, 3]]*Conjugate[CKM[Index[Generation, 3], Index[Generation, 3]]]*Conjugate[kappaq[Index[Generation, 3], Index[Generation, 3]]]*TensDot[Ga[Index[Lorentz, Ext[3]]], ProjM][Index[Spin, Ext[1]], Index[Spin, Ext[2]]] + CKM[Index[Generation, 1], Index[Generation, 3]]*Conjugate[CKM[Index[Generation, 1], Index[Generation, 3]]]*(Conjugate[kappaq[Index[Generation, 1], Index[Generation, 1]]] - kappaq[Index[Generation, 1], Index[Generation, 1]])*TensDot[Ga[Index[Lorentz, Ext[3]]], ProjM][Index[Spin, Ext[1]], Index[Spin, Ext[2]]] + CKM[Index[Generation, 2], Index[Generation, 3]]*Conjugate[CKM[Index[Generation, 2], Index[Generation, 3]]]*(Conjugate[kappaq[Index[Generation, 2], Index[Generation, 2]]] - kappaq[Index[Generation, 2], Index[Generation, 2]])*TensDot[Ga[Index[Lorentz, Ext[3]]], ProjM][Index[Spin, Ext[1]], Index[Spin, Ext[2]]] - CKM[Index[Generation, 3], Index[Generation, 3]]*Conjugate[CKM[Index[Generation, 3], Index[Generation, 3]]]*kappaq[Index[Generation, 3], Index[Generation, 3]]*TensDot[Ga[Index[Lorentz, Ext[3]]], ProjM][Index[Spin, Ext[1]], Index[Spin, Ext[2]]] + Conjugate[kappad[Index[Generation, 3], Index[Generation, 3]]]*TensDot[Ga[Index[Lorentz, Ext[3]]], ProjP][Index[Spin, Ext[1]], Index[Spin, Ext[2]]] - kappad[Index[Generation, 3], Index[Generation, 3]]*TensDot[Ga[Index[Lorentz, Ext[3]]], ProjP][Index[Spin, Ext[1]], Index[Spin, Ext[2]]])}
{{{bbar, 1}, {d, 2}, {Gp, 3}}, -I*gGp*(CKM[Index[Generation, 1], Index[Generation, 1]]*Conjugate[CKM[Index[Generation, 1], Index[Generation, 3]]]*(Conjugate[kappaq[Index[Generation, 1], Index[Generation, 1]]] - kappaq[Index[Generation, 1], Index[Generation, 1]]) + CKM[Index[Generation, 2], Index[Generation, 1]]*Conjugate[CKM[Index[Generation, 2], Index[Generation, 3]]]*(Conjugate[kappaq[Index[Generation, 2], Index[Generation, 2]]] - kappaq[Index[Generation, 2], Index[Generation, 2]]) + CKM[Index[Generation, 3], Index[Generation, 1]]*Conjugate[CKM[Index[Generation, 3], Index[Generation, 3]]]*(Conjugate[kappaq[Index[Generation, 3], Index[Generation, 3]]] - kappaq[Index[Generation, 3], Index[Generation, 3]]))*T[Index[Gluon, Ext[3]], Index[Colour, Ext[1]], Index[Colour, Ext[2]]]*TensDot[Ga[Index[Lorentz, Ext[3]]], ProjM][Index[Spin, Ext[1]], Index[Spin, Ext[2]]]}
{{{bbar, 1}, {s, 2}, {Gp, 3}}, -I*gGp*(CKM[Index[Generation, 1], Index[Generation, 2]]*Conjugate[CKM[Index[Generation, 1], Index[Generation, 3]]]*(Conjugate[kappaq[Index[Generation, 1], Index[Generation, 1]]] - kappaq[Index[Generation, 1], Index[Generation, 1]]) + CKM[Index[Generation, 2], Index[Generation, 2]]*Conjugate[CKM[Index[Generation, 2], Index[Generation, 3]]]*(Conjugate[kappaq[Index[Generation, 2], Index[Generation, 2]]] - kappaq[Index[Generation, 2], Index[Generation, 2]]) + CKM[Index[Generation, 3], Index[Generation, 2]]*Conjugate[CKM[Index[Generation, 3], Index[Generation, 3]]]*(Conjugate[kappaq[Index[Generation, 3], Index[Generation, 3]]] - kappaq[Index[Generation, 3], Index[Generation, 3]]))*T[Index[Gluon, Ext[3]], Index[Colour, Ext[1]], Index[Colour, Ext[2]]]*TensDot[Ga[Index[Lorentz, Ext[3]]], ProjM][Index[Spin, Ext[1]], Index[Spin, Ext[2]]]}
{{{cbar, 1}, {c, 2}, {Gp, 3}}, -I*gGp*T[Index[Gluon, Ext[3]], Index[Colour, Ext[1]], Index[Colour, Ext[2]]]*(Conjugate[kappaq[Index[Generation, 2], Index[Generation, 2]]]*TensDot[Ga[Index[Lorentz, Ext[3]]], ProjM][Index[Spin, Ext[1]], Index[Spin, Ext[2]]] - kappaq[Index[Generation, 2], Index[Generation, 2]]*TensDot[Ga[Index[Lorentz, Ext[3]]], ProjM][Index[Spin, Ext[1]], Index[Spin, Ext[2]]] + (Conjugate[kappau[Index[Generation, 2], Index[Generation, 2]]] - kappau[Index[Generation, 2], Index[Generation, 2]])*TensDot[Ga[Index[Lorentz, Ext[3]]], ProjP][Index[Spin, Ext[1]], Index[Spin, Ext[2]]])}
{{{dbar, 1}, {b, 2}, {Gp, 3}}, -I*gGp*(CKM[Index[Generation, 1], Index[Generation, 3]]*Conjugate[CKM[Index[Generation, 1], Index[Generation, 1]]]*(Conjugate[kappaq[Index[Generation, 1], Index[Generation, 1]]] - kappaq[Index[Generation, 1], Index[Generation, 1]]) + CKM[Index[Generation, 2], Index[Generation, 3]]*Conjugate[CKM[Index[Generation, 2], Index[Generation, 1]]]*(Conjugate[kappaq[Index[Generation, 2], Index[Generation, 2]]] - kappaq[Index[Generation, 2], Index[Generation, 2]]) + CKM[Index[Generation, 3], Index[Generation, 3]]*Conjugate[CKM[Index[Generation, 3], Index[Generation, 1]]]*(Conjugate[kappaq[Index[Generation, 3], Index[Generation, 3]]] - kappaq[Index[Generation, 3], Index[Generation, 3]]))*T[Index[Gluon, Ext[3]], Index[Colour, Ext[1]], Index[Colour, Ext[2]]]*TensDot[Ga[Index[Lorentz, Ext[3]]], ProjM][Index[Spin, Ext[1]], Index[Spin, Ext[2]]]}
{{{dbar, 1}, {d, 2}, {Gp, 3}}, -I*gGp*T[Index[Gluon, Ext[3]], Index[Colour, Ext[1]], Index[Colour, Ext[2]]]*(CKM[Index[Generation, 3], Index[Generation, 1]]*Conjugate[CKM[Index[Generation, 3], Index[Generation, 1]]]*Conjugate[kappaq[Index[Generation, 3], Index[Generation, 3]]]*TensDot[Ga[Index[Lorentz, Ext[3]]], ProjM][Index[Spin, Ext[1]], Index[Spin, Ext[2]]] + CKM[Index[Generation, 1], Index[Generation, 1]]*Conjugate[CKM[Index[Generation, 1], Index[Generation, 1]]]*(Conjugate[kappaq[Index[Generation, 1], Index[Generation, 1]]] - kappaq[Index[Generation, 1], Index[Generation, 1]])*TensDot[Ga[Index[Lorentz, Ext[3]]], ProjM][Index[Spin, Ext[1]], Index[Spin, Ext[2]]] + CKM[Index[Generation, 2], Index[Generation, 1]]*Conjugate[CKM[Index[Generation, 2], Index[Generation, 1]]]*(Conjugate[kappaq[Index[Generation, 2], Index[Generation, 2]]] - kappaq[Index[Generation, 2], Index[Generation, 2]])*TensDot[Ga[Index[Lorentz, Ext[3]]], ProjM][Index[Spin, Ext[1]], Index[Spin, Ext[2]]] - CKM[Index[Generation, 3], Index[Generation, 1]]*Conjugate[CKM[Index[Generation, 3], Index[Generation, 1]]]*kappaq[Index[Generation, 3], Index[Generation, 3]]*TensDot[Ga[Index[Lorentz, Ext[3]]], ProjM][Index[Spin, Ext[1]], Index[Spin, Ext[2]]] + Conjugate[kappad[Index[Generation, 1], Index[Generation, 1]]]*TensDot[Ga[Index[Lorentz, Ext[3]]], ProjP][Index[Spin, Ext[1]], Index[Spin, Ext[2]]] - kappad[Index[Generation, 1], Index[Generation, 1]]*TensDot[Ga[Index[Lorentz, Ext[3]]], ProjP][Index[Spin, Ext[1]], Index[Spin, Ext[2]]])}
{{{dbar, 1}, {s, 2}, {Gp, 3}}, -I*gGp*(CKM[Index[Generation, 1], Index[Generation, 2]]*Conjugate[CKM[Index[Generation, 1], Index[Generation, 1]]]*(Conjugate[kappaq[Index[Generation, 1], Index[Generation, 1]]] - kappaq[Index[Generation, 1], Index[Generation, 1]]) + CKM[Index[Generation, 2], Index[Generation, 2]]*Conjugate[CKM[Index[Generation, 2], Index[Generation, 1]]]*(Conjugate[kappaq[Index[Generation, 2], Index[Generation, 2]]] - kappaq[Index[Generation, 2], Index[Generation, 2]]) + CKM[Index[Generation, 3], Index[Generation, 2]]*Conjugate[CKM[Index[Generation, 3], Index[Generation, 1]]]*(Conjugate[kappaq[Index[Generation, 3], Index[Generation, 3]]] - kappaq[Index[Generation, 3], Index[Generation, 3]]))*T[Index[Gluon, Ext[3]], Index[Colour, Ext[1]], Index[Colour, Ext[2]]]*TensDot[Ga[Index[Lorentz, Ext[3]]], ProjM][Index[Spin, Ext[1]], Index[Spin, Ext[2]]]}
{{{sbar, 1}, {b, 2}, {Gp, 3}}, -I*gGp*(CKM[Index[Generation, 1], Index[Generation, 3]]*Conjugate[CKM[Index[Generation, 1], Index[Generation, 2]]]*(Conjugate[kappaq[Index[Generation, 1], Index[Generation, 1]]] - kappaq[Index[Generation, 1], Index[Generation, 1]]) + CKM[Index[Generation, 2], Index[Generation, 3]]*Conjugate[CKM[Index[Generation, 2], Index[Generation, 2]]]*(Conjugate[kappaq[Index[Generation, 2], Index[Generation, 2]]] - kappaq[Index[Generation, 2], Index[Generation, 2]]) + CKM[Index[Generation, 3], Index[Generation, 3]]*Conjugate[CKM[Index[Generation, 3], Index[Generation, 2]]]*(Conjugate[kappaq[Index[Generation, 3], Index[Generation, 3]]] - kappaq[Index[Generation, 3], Index[Generation, 3]]))*T[Index[Gluon, Ext[3]], Index[Colour, Ext[1]], Index[Colour, Ext[2]]]*TensDot[Ga[Index[Lorentz, Ext[3]]], ProjM][Index[Spin, Ext[1]], Index[Spin, Ext[2]]]}
{{{sbar, 1}, {d, 2}, {Gp, 3}}, -I*gGp*(CKM[Index[Generation, 1], Index[Generation, 1]]*Conjugate[CKM[Index[Generation, 1], Index[Generation, 2]]]*(Conjugate[kappaq[Index[Generation, 1], Index[Generation, 1]]] - kappaq[Index[Generation, 1], Index[Generation, 1]]) + CKM[Index[Generation, 2], Index[Generation, 1]]*Conjugate[CKM[Index[Generation, 2], Index[Generation, 2]]]*(Conjugate[kappaq[Index[Generation, 2], Index[Generation, 2]]] - kappaq[Index[Generation, 2], Index[Generation, 2]]) + CKM[Index[Generation, 3], Index[Generation, 1]]*Conjugate[CKM[Index[Generation, 3], Index[Generation, 2]]]*(Conjugate[kappaq[Index[Generation, 3], Index[Generation, 3]]] - kappaq[Index[Generation, 3], Index[Generation, 3]]))*T[Index[Gluon, Ext[3]], Index[Colour, Ext[1]], Index[Colour, Ext[2]]]*TensDot[Ga[Index[Lorentz, Ext[3]]], ProjM][Index[Spin, Ext[1]], Index[Spin, Ext[2]]]}
{{{sbar, 1}, {s, 2}, {Gp, 3}}, -I*gGp*T[Index[Gluon, Ext[3]], Index[Colour, Ext[1]], Index[Colour, Ext[2]]]*(CKM[Index[Generation, 3], Index[Generation, 2]]*Conjugate[CKM[Index[Generation, 3], Index[Generation, 2]]]*Conjugate[kappaq[Index[Generation, 3], Index[Generation, 3]]]*TensDot[Ga[Index[Lorentz, Ext[3]]], ProjM][Index[Spin, Ext[1]], Index[Spin, Ext[2]]] + CKM[Index[Generation, 1], Index[Generation, 2]]*Conjugate[CKM[Index[Generation, 1], Index[Generation, 2]]]*(Conjugate[kappaq[Index[Generation, 1], Index[Generation, 1]]] - kappaq[Index[Generation, 1], Index[Generation, 1]])*TensDot[Ga[Index[Lorentz, Ext[3]]], ProjM][Index[Spin, Ext[1]], Index[Spin, Ext[2]]] + CKM[Index[Generation, 2], Index[Generation, 2]]*Conjugate[CKM[Index[Generation, 2], Index[Generation, 2]]]*(Conjugate[kappaq[Index[Generation, 2], Index[Generation, 2]]] - kappaq[Index[Generation, 2], Index[Generation, 2]])*TensDot[Ga[Index[Lorentz, Ext[3]]], ProjM][Index[Spin, Ext[1]], Index[Spin, Ext[2]]] - CKM[Index[Generation, 3], Index[Generation, 2]]*Conjugate[CKM[Index[Generation, 3], Index[Generation, 2]]]*kappaq[Index[Generation, 3], Index[Generation, 3]]*TensDot[Ga[Index[Lorentz, Ext[3]]], ProjM][Index[Spin, Ext[1]], Index[Spin, Ext[2]]] + Conjugate[kappad[Index[Generation, 2], Index[Generation, 2]]]*TensDot[Ga[Index[Lorentz, Ext[3]]], ProjP][Index[Spin, Ext[1]], Index[Spin, Ext[2]]] - kappad[Index[Generation, 2], Index[Generation, 2]]*TensDot[Ga[Index[Lorentz, Ext[3]]], ProjP][Index[Spin, Ext[1]], Index[Spin, Ext[2]]])}
{{{tbar, 1}, {t, 2}, {Gp, 3}}, -I*gGp*T[Index[Gluon, Ext[3]], Index[Colour, Ext[1]], Index[Colour, Ext[2]]]*(Conjugate[kappaq[Index[Generation, 3], Index[Generation, 3]]]*TensDot[Ga[Index[Lorentz, Ext[3]]], ProjM][Index[Spin, Ext[1]], Index[Spin, Ext[2]]] - kappaq[Index[Generation, 3], Index[Generation, 3]]*TensDot[Ga[Index[Lorentz, Ext[3]]], ProjM][Index[Spin, Ext[1]], Index[Spin, Ext[2]]] + (Conjugate[kappau[Index[Generation, 3], Index[Generation, 3]]] - kappau[Index[Generation, 3], Index[Generation, 3]])*TensDot[Ga[Index[Lorentz, Ext[3]]], ProjP][Index[Spin, Ext[1]], Index[Spin, Ext[2]]])}
{{{ubar, 1}, {u, 2}, {Gp, 3}}, -I*gGp*T[Index[Gluon, Ext[3]], Index[Colour, Ext[1]], Index[Colour, Ext[2]]]*(Conjugate[kappaq[Index[Generation, 1], Index[Generation, 1]]]*TensDot[Ga[Index[Lorentz, Ext[3]]], ProjM][Index[Spin, Ext[1]], Index[Spin, Ext[2]]] - kappaq[Index[Generation, 1], Index[Generation, 1]]*TensDot[Ga[Index[Lorentz, Ext[3]]], ProjM][Index[Spin, Ext[1]], Index[Spin, Ext[2]]] + (Conjugate[kappau[Index[Generation, 1], Index[Generation, 1]]] - kappau[Index[Generation, 1], Index[Generation, 1]])*TensDot[Ga[Index[Lorentz, Ext[3]]], ProjP][Index[Spin, Ext[1]], Index[Spin, Ext[2]]])}
{{{bbar, 1}, {b, 2}, {Zp, 3}}, ((-1/2*I)*gZp*IndexDelta[Index[Colour, Ext[1]], Index[Colour, Ext[2]]]*(CKM[Index[Generation, 3], Index[Generation, 3]]*Conjugate[CKM[Index[Generation, 3], Index[Generation, 3]]]*Conjugate[zetaq[Index[Generation, 3], Index[Generation, 3]]]*TensDot[Ga[Index[Lorentz, Ext[3]]], ProjM][Index[Spin, Ext[1]], Index[Spin, Ext[2]]] + CKM[Index[Generation, 1], Index[Generation, 3]]*Conjugate[CKM[Index[Generation, 1], Index[Generation, 3]]]*(Conjugate[zetaq[Index[Generation, 1], Index[Generation, 1]]] - zetaq[Index[Generation, 1], Index[Generation, 1]])*TensDot[Ga[Index[Lorentz, Ext[3]]], ProjM][Index[Spin, Ext[1]], Index[Spin, Ext[2]]] + CKM[Index[Generation, 2], Index[Generation, 3]]*Conjugate[CKM[Index[Generation, 2], Index[Generation, 3]]]*(Conjugate[zetaq[Index[Generation, 2], Index[Generation, 2]]] - zetaq[Index[Generation, 2], Index[Generation, 2]])*TensDot[Ga[Index[Lorentz, Ext[3]]], ProjM][Index[Spin, Ext[1]], Index[Spin, Ext[2]]] - CKM[Index[Generation, 3], Index[Generation, 3]]*Conjugate[CKM[Index[Generation, 3], Index[Generation, 3]]]*zetaq[Index[Generation, 3], Index[Generation, 3]]*TensDot[Ga[Index[Lorentz, Ext[3]]], ProjM][Index[Spin, Ext[1]], Index[Spin, Ext[2]]] + Conjugate[zetad[Index[Generation, 3], Index[Generation, 3]]]*TensDot[Ga[Index[Lorentz, Ext[3]]], ProjP][Index[Spin, Ext[1]], Index[Spin, Ext[2]]] - zetad[Index[Generation, 3], Index[Generation, 3]]*TensDot[Ga[Index[Lorentz, Ext[3]]], ProjP][Index[Spin, Ext[1]], Index[Spin, Ext[2]]]))/Sqrt[6]}
{{{bbar, 1}, {d, 2}, {Zp, 3}}, ((-1/2*I)*gZp*IndexDelta[Index[Colour, Ext[1]], Index[Colour, Ext[2]]]*(CKM[Index[Generation, 1], Index[Generation, 1]]*Conjugate[CKM[Index[Generation, 1], Index[Generation, 3]]]*(Conjugate[zetaq[Index[Generation, 1], Index[Generation, 1]]] - zetaq[Index[Generation, 1], Index[Generation, 1]]) + CKM[Index[Generation, 2], Index[Generation, 1]]*Conjugate[CKM[Index[Generation, 2], Index[Generation, 3]]]*(Conjugate[zetaq[Index[Generation, 2], Index[Generation, 2]]] - zetaq[Index[Generation, 2], Index[Generation, 2]]) + CKM[Index[Generation, 3], Index[Generation, 1]]*Conjugate[CKM[Index[Generation, 3], Index[Generation, 3]]]*(Conjugate[zetaq[Index[Generation, 3], Index[Generation, 3]]] - zetaq[Index[Generation, 3], Index[Generation, 3]]))*TensDot[Ga[Index[Lorentz, Ext[3]]], ProjM][Index[Spin, Ext[1]], Index[Spin, Ext[2]]])/Sqrt[6]}
{{{bbar, 1}, {s, 2}, {Zp, 3}}, ((-1/2*I)*gZp*IndexDelta[Index[Colour, Ext[1]], Index[Colour, Ext[2]]]*(CKM[Index[Generation, 1], Index[Generation, 2]]*Conjugate[CKM[Index[Generation, 1], Index[Generation, 3]]]*(Conjugate[zetaq[Index[Generation, 1], Index[Generation, 1]]] - zetaq[Index[Generation, 1], Index[Generation, 1]]) + CKM[Index[Generation, 2], Index[Generation, 2]]*Conjugate[CKM[Index[Generation, 2], Index[Generation, 3]]]*(Conjugate[zetaq[Index[Generation, 2], Index[Generation, 2]]] - zetaq[Index[Generation, 2], Index[Generation, 2]]) + CKM[Index[Generation, 3], Index[Generation, 2]]*Conjugate[CKM[Index[Generation, 3], Index[Generation, 3]]]*(Conjugate[zetaq[Index[Generation, 3], Index[Generation, 3]]] - zetaq[Index[Generation, 3], Index[Generation, 3]]))*TensDot[Ga[Index[Lorentz, Ext[3]]], ProjM][Index[Spin, Ext[1]], Index[Spin, Ext[2]]])/Sqrt[6]}
{{{cbar, 1}, {c, 2}, {Zp, 3}}, ((-1/2*I)*gZp*IndexDelta[Index[Colour, Ext[1]], Index[Colour, Ext[2]]]*(Conjugate[zetaq[Index[Generation, 2], Index[Generation, 2]]]*TensDot[Ga[Index[Lorentz, Ext[3]]], ProjM][Index[Spin, Ext[1]], Index[Spin, Ext[2]]] - zetaq[Index[Generation, 2], Index[Generation, 2]]*TensDot[Ga[Index[Lorentz, Ext[3]]], ProjM][Index[Spin, Ext[1]], Index[Spin, Ext[2]]] + (Conjugate[zetau[Index[Generation, 2], Index[Generation, 2]]] - zetau[Index[Generation, 2], Index[Generation, 2]])*TensDot[Ga[Index[Lorentz, Ext[3]]], ProjP][Index[Spin, Ext[1]], Index[Spin, Ext[2]]]))/Sqrt[6]}
{{{dbar, 1}, {b, 2}, {Zp, 3}}, ((-1/2*I)*gZp*IndexDelta[Index[Colour, Ext[1]], Index[Colour, Ext[2]]]*(CKM[Index[Generation, 1], Index[Generation, 3]]*Conjugate[CKM[Index[Generation, 1], Index[Generation, 1]]]*(Conjugate[zetaq[Index[Generation, 1], Index[Generation, 1]]] - zetaq[Index[Generation, 1], Index[Generation, 1]]) + CKM[Index[Generation, 2], Index[Generation, 3]]*Conjugate[CKM[Index[Generation, 2], Index[Generation, 1]]]*(Conjugate[zetaq[Index[Generation, 2], Index[Generation, 2]]] - zetaq[Index[Generation, 2], Index[Generation, 2]]) + CKM[Index[Generation, 3], Index[Generation, 3]]*Conjugate[CKM[Index[Generation, 3], Index[Generation, 1]]]*(Conjugate[zetaq[Index[Generation, 3], Index[Generation, 3]]] - zetaq[Index[Generation, 3], Index[Generation, 3]]))*TensDot[Ga[Index[Lorentz, Ext[3]]], ProjM][Index[Spin, Ext[1]], Index[Spin, Ext[2]]])/Sqrt[6]}
{{{dbar, 1}, {d, 2}, {Zp, 3}}, ((-1/2*I)*gZp*IndexDelta[Index[Colour, Ext[1]], Index[Colour, Ext[2]]]*(CKM[Index[Generation, 3], Index[Generation, 1]]*Conjugate[CKM[Index[Generation, 3], Index[Generation, 1]]]*Conjugate[zetaq[Index[Generation, 3], Index[Generation, 3]]]*TensDot[Ga[Index[Lorentz, Ext[3]]], ProjM][Index[Spin, Ext[1]], Index[Spin, Ext[2]]] + CKM[Index[Generation, 1], Index[Generation, 1]]*Conjugate[CKM[Index[Generation, 1], Index[Generation, 1]]]*(Conjugate[zetaq[Index[Generation, 1], Index[Generation, 1]]] - zetaq[Index[Generation, 1], Index[Generation, 1]])*TensDot[Ga[Index[Lorentz, Ext[3]]], ProjM][Index[Spin, Ext[1]], Index[Spin, Ext[2]]] + CKM[Index[Generation, 2], Index[Generation, 1]]*Conjugate[CKM[Index[Generation, 2], Index[Generation, 1]]]*(Conjugate[zetaq[Index[Generation, 2], Index[Generation, 2]]] - zetaq[Index[Generation, 2], Index[Generation, 2]])*TensDot[Ga[Index[Lorentz, Ext[3]]], ProjM][Index[Spin, Ext[1]], Index[Spin, Ext[2]]] - CKM[Index[Generation, 3], Index[Generation, 1]]*Conjugate[CKM[Index[Generation, 3], Index[Generation, 1]]]*zetaq[Index[Generation, 3], Index[Generation, 3]]*TensDot[Ga[Index[Lorentz, Ext[3]]], ProjM][Index[Spin, Ext[1]], Index[Spin, Ext[2]]] + Conjugate[zetad[Index[Generation, 1], Index[Generation, 1]]]*TensDot[Ga[Index[Lorentz, Ext[3]]], ProjP][Index[Spin, Ext[1]], Index[Spin, Ext[2]]] - zetad[Index[Generation, 1], Index[Generation, 1]]*TensDot[Ga[Index[Lorentz, Ext[3]]], ProjP][Index[Spin, Ext[1]], Index[Spin, Ext[2]]]))/Sqrt[6]}
{{{dbar, 1}, {s, 2}, {Zp, 3}}, ((-1/2*I)*gZp*IndexDelta[Index[Colour, Ext[1]], Index[Colour, Ext[2]]]*(CKM[Index[Generation, 1], Index[Generation, 2]]*Conjugate[CKM[Index[Generation, 1], Index[Generation, 1]]]*(Conjugate[zetaq[Index[Generation, 1], Index[Generation, 1]]] - zetaq[Index[Generation, 1], Index[Generation, 1]]) + CKM[Index[Generation, 2], Index[Generation, 2]]*Conjugate[CKM[Index[Generation, 2], Index[Generation, 1]]]*(Conjugate[zetaq[Index[Generation, 2], Index[Generation, 2]]] - zetaq[Index[Generation, 2], Index[Generation, 2]]) + CKM[Index[Generation, 3], Index[Generation, 2]]*Conjugate[CKM[Index[Generation, 3], Index[Generation, 1]]]*(Conjugate[zetaq[Index[Generation, 3], Index[Generation, 3]]] - zetaq[Index[Generation, 3], Index[Generation, 3]]))*TensDot[Ga[Index[Lorentz, Ext[3]]], ProjM][Index[Spin, Ext[1]], Index[Spin, Ext[2]]])/Sqrt[6]}
{{{ebar, 1}, {e, 2}, {Zp, 3}}, I/2*Sqrt[3/2]*gZp*(Conjugate[zetal[Index[Generation, 1], Index[Generation, 1]]]*TensDot[Ga[Index[Lorentz, Ext[3]]], ProjM][Index[Spin, Ext[1]], Index[Spin, Ext[2]]] - zetal[Index[Generation, 1], Index[Generation, 1]]*TensDot[Ga[Index[Lorentz, Ext[3]]], ProjM][Index[Spin, Ext[1]], Index[Spin, Ext[2]]] + (Conjugate[zetae[Index[Generation, 1], Index[Generation, 1]]] - zetae[Index[Generation, 1], Index[Generation, 1]])*TensDot[Ga[Index[Lorentz, Ext[3]]], ProjP][Index[Spin, Ext[1]], Index[Spin, Ext[2]]])}
{{{ebar, 1}, {mu, 2}, {Zp, 3}}, I/2*Sqrt[3/2]*gZp*(Conjugate[zetal[Index[Generation, 2], Index[Generation, 1]]] - zetal[Index[Generation, 1], Index[Generation, 2]])*TensDot[Ga[Index[Lorentz, Ext[3]]], ProjM][Index[Spin, Ext[1]], Index[Spin, Ext[2]]]}
{{{ebar, 1}, {ta, 2}, {Zp, 3}}, I/2*Sqrt[3/2]*gZp*(Conjugate[zetal[Index[Generation, 3], Index[Generation, 1]]] - zetal[Index[Generation, 1], Index[Generation, 3]])*TensDot[Ga[Index[Lorentz, Ext[3]]], ProjM][Index[Spin, Ext[1]], Index[Spin, Ext[2]]]}
{{{mubar, 1}, {e, 2}, {Zp, 3}}, I/2*Sqrt[3/2]*gZp*(Conjugate[zetal[Index[Generation, 1], Index[Generation, 2]]] - zetal[Index[Generation, 2], Index[Generation, 1]])*TensDot[Ga[Index[Lorentz, Ext[3]]], ProjM][Index[Spin, Ext[1]], Index[Spin, Ext[2]]]}
{{{mubar, 1}, {mu, 2}, {Zp, 3}}, I/2*Sqrt[3/2]*gZp*(Conjugate[zetal[Index[Generation, 2], Index[Generation, 2]]]*TensDot[Ga[Index[Lorentz, Ext[3]]], ProjM][Index[Spin, Ext[1]], Index[Spin, Ext[2]]] - zetal[Index[Generation, 2], Index[Generation, 2]]*TensDot[Ga[Index[Lorentz, Ext[3]]], ProjM][Index[Spin, Ext[1]], Index[Spin, Ext[2]]] + (Conjugate[zetae[Index[Generation, 2], Index[Generation, 2]]] - zetae[Index[Generation, 2], Index[Generation, 2]])*TensDot[Ga[Index[Lorentz, Ext[3]]], ProjP][Index[Spin, Ext[1]], Index[Spin, Ext[2]]])}
{{{mubar, 1}, {ta, 2}, {Zp, 3}}, I/2*Sqrt[3/2]*gZp*(Conjugate[zetal[Index[Generation, 3], Index[Generation, 2]]] - zetal[Index[Generation, 2], Index[Generation, 3]])*TensDot[Ga[Index[Lorentz, Ext[3]]], ProjM][Index[Spin, Ext[1]], Index[Spin, Ext[2]]]}
{{{sbar, 1}, {b, 2}, {Zp, 3}}, ((-1/2*I)*gZp*IndexDelta[Index[Colour, Ext[1]], Index[Colour, Ext[2]]]*(CKM[Index[Generation, 1], Index[Generation, 3]]*Conjugate[CKM[Index[Generation, 1], Index[Generation, 2]]]*(Conjugate[zetaq[Index[Generation, 1], Index[Generation, 1]]] - zetaq[Index[Generation, 1], Index[Generation, 1]]) + CKM[Index[Generation, 2], Index[Generation, 3]]*Conjugate[CKM[Index[Generation, 2], Index[Generation, 2]]]*(Conjugate[zetaq[Index[Generation, 2], Index[Generation, 2]]] - zetaq[Index[Generation, 2], Index[Generation, 2]]) + CKM[Index[Generation, 3], Index[Generation, 3]]*Conjugate[CKM[Index[Generation, 3], Index[Generation, 2]]]*(Conjugate[zetaq[Index[Generation, 3], Index[Generation, 3]]] - zetaq[Index[Generation, 3], Index[Generation, 3]]))*TensDot[Ga[Index[Lorentz, Ext[3]]], ProjM][Index[Spin, Ext[1]], Index[Spin, Ext[2]]])/Sqrt[6]}
{{{sbar, 1}, {d, 2}, {Zp, 3}}, ((-1/2*I)*gZp*IndexDelta[Index[Colour, Ext[1]], Index[Colour, Ext[2]]]*(CKM[Index[Generation, 1], Index[Generation, 1]]*Conjugate[CKM[Index[Generation, 1], Index[Generation, 2]]]*(Conjugate[zetaq[Index[Generation, 1], Index[Generation, 1]]] - zetaq[Index[Generation, 1], Index[Generation, 1]]) + CKM[Index[Generation, 2], Index[Generation, 1]]*Conjugate[CKM[Index[Generation, 2], Index[Generation, 2]]]*(Conjugate[zetaq[Index[Generation, 2], Index[Generation, 2]]] - zetaq[Index[Generation, 2], Index[Generation, 2]]) + CKM[Index[Generation, 3], Index[Generation, 1]]*Conjugate[CKM[Index[Generation, 3], Index[Generation, 2]]]*(Conjugate[zetaq[Index[Generation, 3], Index[Generation, 3]]] - zetaq[Index[Generation, 3], Index[Generation, 3]]))*TensDot[Ga[Index[Lorentz, Ext[3]]], ProjM][Index[Spin, Ext[1]], Index[Spin, Ext[2]]])/Sqrt[6]}
{{{sbar, 1}, {s, 2}, {Zp, 3}}, ((-1/2*I)*gZp*IndexDelta[Index[Colour, Ext[1]], Index[Colour, Ext[2]]]*(CKM[Index[Generation, 3], Index[Generation, 2]]*Conjugate[CKM[Index[Generation, 3], Index[Generation, 2]]]*Conjugate[zetaq[Index[Generation, 3], Index[Generation, 3]]]*TensDot[Ga[Index[Lorentz, Ext[3]]], ProjM][Index[Spin, Ext[1]], Index[Spin, Ext[2]]] + CKM[Index[Generation, 1], Index[Generation, 2]]*Conjugate[CKM[Index[Generation, 1], Index[Generation, 2]]]*(Conjugate[zetaq[Index[Generation, 1], Index[Generation, 1]]] - zetaq[Index[Generation, 1], Index[Generation, 1]])*TensDot[Ga[Index[Lorentz, Ext[3]]], ProjM][Index[Spin, Ext[1]], Index[Spin, Ext[2]]] + CKM[Index[Generation, 2], Index[Generation, 2]]*Conjugate[CKM[Index[Generation, 2], Index[Generation, 2]]]*(Conjugate[zetaq[Index[Generation, 2], Index[Generation, 2]]] - zetaq[Index[Generation, 2], Index[Generation, 2]])*TensDot[Ga[Index[Lorentz, Ext[3]]], ProjM][Index[Spin, Ext[1]], Index[Spin, Ext[2]]] - CKM[Index[Generation, 3], Index[Generation, 2]]*Conjugate[CKM[Index[Generation, 3], Index[Generation, 2]]]*zetaq[Index[Generation, 3], Index[Generation, 3]]*TensDot[Ga[Index[Lorentz, Ext[3]]], ProjM][Index[Spin, Ext[1]], Index[Spin, Ext[2]]] + Conjugate[zetad[Index[Generation, 2], Index[Generation, 2]]]*TensDot[Ga[Index[Lorentz, Ext[3]]], ProjP][Index[Spin, Ext[1]], Index[Spin, Ext[2]]] - zetad[Index[Generation, 2], Index[Generation, 2]]*TensDot[Ga[Index[Lorentz, Ext[3]]], ProjP][Index[Spin, Ext[1]], Index[Spin, Ext[2]]]))/Sqrt[6]}
{{{tabar, 1}, {e, 2}, {Zp, 3}}, I/2*Sqrt[3/2]*gZp*(Conjugate[zetal[Index[Generation, 1], Index[Generation, 3]]] - zetal[Index[Generation, 3], Index[Generation, 1]])*TensDot[Ga[Index[Lorentz, Ext[3]]], ProjM][Index[Spin, Ext[1]], Index[Spin, Ext[2]]]}
{{{tabar, 1}, {mu, 2}, {Zp, 3}}, I/2*Sqrt[3/2]*gZp*(Conjugate[zetal[Index[Generation, 2], Index[Generation, 3]]] - zetal[Index[Generation, 3], Index[Generation, 2]])*TensDot[Ga[Index[Lorentz, Ext[3]]], ProjM][Index[Spin, Ext[1]], Index[Spin, Ext[2]]]}
{{{tabar, 1}, {ta, 2}, {Zp, 3}}, I/2*Sqrt[3/2]*gZp*(Conjugate[zetal[Index[Generation, 3], Index[Generation, 3]]]*TensDot[Ga[Index[Lorentz, Ext[3]]], ProjM][Index[Spin, Ext[1]], Index[Spin, Ext[2]]] - zetal[Index[Generation, 3], Index[Generation, 3]]*TensDot[Ga[Index[Lorentz, Ext[3]]], ProjM][Index[Spin, Ext[1]], Index[Spin, Ext[2]]] + (Conjugate[zetae[Index[Generation, 3], Index[Generation, 3]]] - zetae[Index[Generation, 3], Index[Generation, 3]])*TensDot[Ga[Index[Lorentz, Ext[3]]], ProjP][Index[Spin, Ext[1]], Index[Spin, Ext[2]]])}
{{{tbar, 1}, {t, 2}, {Zp, 3}}, ((-1/2*I)*gZp*IndexDelta[Index[Colour, Ext[1]], Index[Colour, Ext[2]]]*(Conjugate[zetaq[Index[Generation, 3], Index[Generation, 3]]]*TensDot[Ga[Index[Lorentz, Ext[3]]], ProjM][Index[Spin, Ext[1]], Index[Spin, Ext[2]]] - zetaq[Index[Generation, 3], Index[Generation, 3]]*TensDot[Ga[Index[Lorentz, Ext[3]]], ProjM][Index[Spin, Ext[1]], Index[Spin, Ext[2]]] + (Conjugate[zetau[Index[Generation, 3], Index[Generation, 3]]] - zetau[Index[Generation, 3], Index[Generation, 3]])*TensDot[Ga[Index[Lorentz, Ext[3]]], ProjP][Index[Spin, Ext[1]], Index[Spin, Ext[2]]]))/Sqrt[6]}
{{{ubar, 1}, {u, 2}, {Zp, 3}}, ((-1/2*I)*gZp*IndexDelta[Index[Colour, Ext[1]], Index[Colour, Ext[2]]]*(Conjugate[zetaq[Index[Generation, 1], Index[Generation, 1]]]*TensDot[Ga[Index[Lorentz, Ext[3]]], ProjM][Index[Spin, Ext[1]], Index[Spin, Ext[2]]] - zetaq[Index[Generation, 1], Index[Generation, 1]]*TensDot[Ga[Index[Lorentz, Ext[3]]], ProjM][Index[Spin, Ext[1]], Index[Spin, Ext[2]]] + (Conjugate[zetau[Index[Generation, 1], Index[Generation, 1]]] - zetau[Index[Generation, 1], Index[Generation, 1]])*TensDot[Ga[Index[Lorentz, Ext[3]]], ProjP][Index[Spin, Ext[1]], Index[Spin, Ext[2]]]))/Sqrt[6]}
{{{vebar, 1}, {ve, 2}, {Zp, 3}}, I/2*Sqrt[3/2]*gZp*(Conjugate[zetal[Index[Generation, 1], Index[Generation, 1]]] - zetal[Index[Generation, 1], Index[Generation, 1]])*TensDot[Ga[Index[Lorentz, Ext[3]]], ProjM][Index[Spin, Ext[1]], Index[Spin, Ext[2]]]}
{{{vebar, 1}, {vm, 2}, {Zp, 3}}, I/2*Sqrt[3/2]*gZp*(Conjugate[zetal[Index[Generation, 2], Index[Generation, 1]]] - zetal[Index[Generation, 1], Index[Generation, 2]])*TensDot[Ga[Index[Lorentz, Ext[3]]], ProjM][Index[Spin, Ext[1]], Index[Spin, Ext[2]]]}
{{{vebar, 1}, {vt, 2}, {Zp, 3}}, I/2*Sqrt[3/2]*gZp*(Conjugate[zetal[Index[Generation, 3], Index[Generation, 1]]] - zetal[Index[Generation, 1], Index[Generation, 3]])*TensDot[Ga[Index[Lorentz, Ext[3]]], ProjM][Index[Spin, Ext[1]], Index[Spin, Ext[2]]]}
{{{vmbar, 1}, {ve, 2}, {Zp, 3}}, I/2*Sqrt[3/2]*gZp*(Conjugate[zetal[Index[Generation, 1], Index[Generation, 2]]] - zetal[Index[Generation, 2], Index[Generation, 1]])*TensDot[Ga[Index[Lorentz, Ext[3]]], ProjM][Index[Spin, Ext[1]], Index[Spin, Ext[2]]]}
{{{vmbar, 1}, {vm, 2}, {Zp, 3}}, I/2*Sqrt[3/2]*gZp*(Conjugate[zetal[Index[Generation, 2], Index[Generation, 2]]] - zetal[Index[Generation, 2], Index[Generation, 2]])*TensDot[Ga[Index[Lorentz, Ext[3]]], ProjM][Index[Spin, Ext[1]], Index[Spin, Ext[2]]]}
{{{vmbar, 1}, {vt, 2}, {Zp, 3}}, I/2*Sqrt[3/2]*gZp*(Conjugate[zetal[Index[Generation, 3], Index[Generation, 2]]] - zetal[Index[Generation, 2], Index[Generation, 3]])*TensDot[Ga[Index[Lorentz, Ext[3]]], ProjM][Index[Spin, Ext[1]], Index[Spin, Ext[2]]]}
{{{vtbar, 1}, {ve, 2}, {Zp, 3}}, I/2*Sqrt[3/2]*gZp*(Conjugate[zetal[Index[Generation, 1], Index[Generation, 3]]] - zetal[Index[Generation, 3], Index[Generation, 1]])*TensDot[Ga[Index[Lorentz, Ext[3]]], ProjM][Index[Spin, Ext[1]], Index[Spin, Ext[2]]]}
{{{vtbar, 1}, {vm, 2}, {Zp, 3}}, I/2*Sqrt[3/2]*gZp*(Conjugate[zetal[Index[Generation, 2], Index[Generation, 3]]] - zetal[Index[Generation, 3], Index[Generation, 2]])*TensDot[Ga[Index[Lorentz, Ext[3]]], ProjM][Index[Spin, Ext[1]], Index[Spin, Ext[2]]]}
{{{vtbar, 1}, {vt, 2}, {Zp, 3}}, I/2*Sqrt[3/2]*gZp*(Conjugate[zetal[Index[Generation, 3], Index[Generation, 3]]] - zetal[Index[Generation, 3], Index[Generation, 3]])*TensDot[Ga[Index[Lorentz, Ext[3]]], ProjM][Index[Spin, Ext[1]], Index[Spin, Ext[2]]]}
HEPTAPOD-CHECK-END: hermiticity
HEPTAPOD-CHECK-BEGIN: kinetic_terms
Neglecting all terms with more than 2 particles.
All kinetic terms are diagonal.
HEPTAPOD-CHECK-END: kinetic_terms
HEPTAPOD-CHECK-BEGIN: mass_spectrum
Neglecting all terms with more than 2 particles.
All mass terms are diagonal.
Getting mass spectrum.
Checking for less then 0.1% agreement with model file values.
HEPTAPOD-CHECK-END: mass_spectrum
[INFO] UFO output: /tmp/rerun_bench/v2_s1/LeptoQuark_UFO  (AddDecays -> False)
 --- Universal FeynRules Output (UFO) v 1.1 ---
Starting Feynman rule calculation.
Expanding the Lagrangian...
Expanding the indices over 8 cores
Collecting the different structures that enter the vertex.
120 possible non-zero vertices have been found -> starting the computation: Dynamic[FR$FeynmanRules] / 120.
115 vertices obtained.
Flavor expansion of the vertices distributed over 8 cores: Dynamic[FR$Count1] / 115
   - Saved vertices in InterfaceRun[ 1 ].

QN::NonConserv: Warning: non quantum number conserving vertex encountered!
Quantum number Y not conserved in vertex {U1bar, vebar, u}.

QN::NonConserv: Warning: non quantum number conserving vertex encountered!
Quantum number Y not conserved in vertex {U1bar, vebar, c}.

QN::NonConserv: Warning: non quantum number conserving vertex encountered!

General::stop: Further output of QN::NonConserv will be suppressed during this calculation.
Quantum number Y not conserved in vertex {U1bar, vebar, t}.
Quantum number Y not conserved in vertex {U1bar, vmbar, u}.
Quantum number Y not conserved in vertex {U1bar, vmbar, c}.
Quantum number Y not conserved in vertex {U1bar, vmbar, t}.
Quantum number Y not conserved in vertex {U1bar, vtbar, u}.
Quantum number Y not conserved in vertex {U1bar, vtbar, c}.
Quantum number Y not conserved in vertex {U1bar, vtbar, t}.
Quantum number Y not conserved in vertex {U1bar, ebar, d}.
Quantum number Y not conserved in vertex {U1bar, ebar, s}.
Quantum number Y not conserved in vertex {U1bar, ebar, b}.
Quantum number Y not conserved in vertex {U1bar, mubar, d}.
Quantum number Y not conserved in vertex {U1bar, mubar, s}.
Quantum number Y not conserved in vertex {U1bar, mubar, b}.
Quantum number Y not conserved in vertex {U1bar, tabar, d}.
Quantum number Y not conserved in vertex {U1bar, tabar, s}.
Quantum number Y not conserved in vertex {U1bar, tabar, b}.
Quantum number Y not conserved in vertex {U1, ubar, ve}.
Quantum number Y not conserved in vertex {U1, ubar, vm}.
Quantum number Y not conserved in vertex {U1, ubar, vt}.
Quantum number Y not conserved in vertex {U1, cbar, ve}.
Quantum number Y not conserved in vertex {U1, cbar, vm}.
Quantum number Y not conserved in vertex {U1, cbar, vt}.
Quantum number Y not conserved in vertex {U1, tbar, ve}.
Quantum number Y not conserved in vertex {U1, tbar, vm}.
Quantum number Y not conserved in vertex {U1, tbar, vt}.
Quantum number Y not conserved in vertex {U1, dbar, e}.
Quantum number Y not conserved in vertex {U1, dbar, mu}.
Quantum number Y not conserved in vertex {U1, dbar, ta}.
Quantum number Y not conserved in vertex {U1, sbar, e}.
Quantum number Y not conserved in vertex {U1, sbar, mu}.
Quantum number Y not conserved in vertex {U1, sbar, ta}.
Quantum number Y not conserved in vertex {U1, bbar, e}.
Quantum number Y not conserved in vertex {U1, bbar, mu}.
Quantum number Y not conserved in vertex {U1, bbar, ta}.
Preparing Python output.
    - Splitting vertices into building blocks.
Splitting of vertices distributed over 8 kernels.
    - Optimizing: Dynamic[PRIVATE`PY$SplitVertexCounter]/253 .
    - Writing files.
Done!
[INFO] Done.
