[INFO] Loading via explicit file: /Users/kenwu/feynrules-current/FeynRules.m
 - FeynRules - 
Version: 2.3.49 (*29 September 2021).
Authors: A. Alloul, N. Christensen, C. Degrande, C. Duhr, B. Fuks
 
Please cite:
    - Comput.Phys.Commun.185:2250-2300,2014 (arXiv:1310.1921);
    - Comput.Phys.Commun.180:1614-1641,2009 (arXiv:0806.4194).
 
http://feynrules.phys.ucl.ac.be
 
The FeynRules palette can be opened using the command FRPalette[].
[INFO] Loading SM from: /Users/kenwu/feynrules-current/Models/SM/SM.fr
Merging model-files...
This model implementation was created by
M. Frank
B. Fuks
O. Ozdal
Model Version: 1.0
For more information, type ModelInformation[].

   - Loading particle classes.
   - Loading gauge group classes.
   - Loading parameter classes.

Model ALRM_general_gen loaded.
[INFO] Total Lagrangian: LSM + LALRSM
[INFO] Running FeynRules consistency checks.
HEPTAPOD-CHECK-BEGIN: hermiticity
Checking for hermiticity by calculating the Feynman rules contained in L-HC[L].
If the lagrangian is hermitian, then the number of vertices should be zero.
