[INFO] Loading via explicit file: /Users/kenwu/feynrules-current/FeynRules.m
 - FeynRules - 
Version: 2.3.49 (*29 September 2021).
Authors: A. Alloul, N. Christensen, C. Degrande, C. Duhr, B. Fuks
 
Please cite:
    - Comput.Phys.Commun.185:2250-2300,2014 (arXiv:1310.1921);
    - Comput.Phys.Commun.180:1614-1641,2009 (arXiv:0806.4194).
 
http://feynrules.phys.ucl.ac.be
 
The FeynRules palette can be opened using the command FRPalette[].
[INFO] Loading SM from: /Users/kenwu/feynrules-current/Models/SM/SM.fr
Merging model-files...
This model implementation was created by
Linda M. Carpenter
Taylor Murphy
Tim M. P. Tait
Model Version: 1.0
For more information, type ModelInformation[].

   - Loading particle classes.
   - Loading gauge group classes.
   - Loading parameter classes.

Model 368sextets_gen loaded.
[INFO] Total Lagrangian: LSM + LSextet
[INFO] Running FeynRules consistency checks.
HEPTAPOD-CHECK-BEGIN: hermiticity
Checking for hermiticity by calculating the Feynman rules contained in L-HC[L].
If the lagrangian is hermitian, then the number of vertices should be zero.

Inner::incom: Length 2 of dimension 1 in {Generation, Colour} is incommensurate with length 1 of dimension 1 in {Index[Generation, 1]}.

Inner::incom: Length 2 of dimension 1 in {Generation, Colour} is incommensurate with length 1 of dimension 1 in {Index[Generation, 1]}.

Inner::incom: Length 2 of dimension 1 in {Generation, Colour} is incommensurate with length 1 of dimension 1 in {Index[Generation, 1]}.

General::stop: Further output of Inner::incom will be suppressed during this calculation.
Starting Feynman rule calculation.
Expanding the Lagrangian...
Expanding the indices over 8 cores
Collecting the different structures that enter the vertex.
20 possible non-zero vertices have been found -> starting the computation: Dynamic[FR$FeynmanRules] / 20.

Part::pkspec1: The expression Index[Spin, Ext[1]] cannot be used as a part specification.

Part::pkspec1: The expression Index[Spin, SP$1] cannot be used as a part specification.

Part::pkspec1: The expression Index[Spin, Ext[2]] cannot be used as a part specification.

General::stop: Further output of Part::pkspec1 will be suppressed during this calculation.

QN::NonConserv: Warning: non quantum number conserving vertex encountered!
Quantum number Q not conserved in vertex {G, Phid}.

QN::NonConserv: Warning: non quantum number conserving vertex encountered!
Quantum number LeptonNumber not conserved in vertex {G, Phid}.

QN::NonConserv: Warning: non quantum number conserving vertex encountered!

General::stop: Further output of QN::NonConserv will be suppressed during this calculation.
Quantum number Y not conserved in vertex {G, Phid}.
Quantum number Q not conserved in vertex {G, G, Phid}.
Quantum number LeptonNumber not conserved in vertex {G, G, Phid}.
Quantum number Y not conserved in vertex {G, G, Phid}.
Quantum number Q not conserved in vertex {G, Phiu}.
Quantum number LeptonNumber not conserved in vertex {G, Phiu}.
Quantum number Y not conserved in vertex {G, Phiu}.
Quantum number Q not conserved in vertex {G, G, Phiu}.
Quantum number LeptonNumber not conserved in vertex {G, G, Phiu}.
Quantum number Y not conserved in vertex {G, G, Phiu}.
Quantum number Q not conserved in vertex {Psiubar, uRbar, A, G}.
Quantum number Q not conserved in vertex {Psiubar, uRbar, G, Z}.
Quantum number Q not conserved in vertex {Psiubar, uRbar, A, G, G}.
Quantum number Q not conserved in vertex {Psiubar, uRbar, G, G, Z}.
Quantum number Q not conserved in vertex {Psidbar, dRbar, A, G}.
Quantum number Q not conserved in vertex {Psidbar, dRbar, G, Z}.
Quantum number Q not conserved in vertex {Psidbar, dRbar, A, G, G}.
Quantum number Q not conserved in vertex {Psidbar, dRbar, G, G, Z}.
Quantum number Q not conserved in vertex {G, Phidbar}.
Quantum number LeptonNumber not conserved in vertex {G, Phidbar}.
Quantum number Y not conserved in vertex {G, Phidbar}.
Quantum number Q not conserved in vertex {G, G, Phidbar}.
Quantum number LeptonNumber not conserved in vertex {G, G, Phidbar}.
Quantum number Y not conserved in vertex {G, G, Phidbar}.
Quantum number Q not conserved in vertex {G, Phiubar}.
Quantum number LeptonNumber not conserved in vertex {G, Phiubar}.
Quantum number Y not conserved in vertex {G, Phiubar}.
Quantum number Q not conserved in vertex {G, G, Phiubar}.
Quantum number LeptonNumber not conserved in vertex {G, G, Phiubar}.
Quantum number Y not conserved in vertex {G, G, Phiubar}.
18 vertices obtained.
