[INFO] Wolfram $VersionNumber = 15.
[WARN] Wolfram >= 14 detected. FeynRules 2.3.49 requires the Commutator/MatrixSymbol unprotect patch (FeynRules PR #6) on this kernel; without it the UFO export produces malformed output.
[INFO] Loading via explicit file: /Users/kenwu/feynrules-current/FeynRules.m
 - FeynRules - 
Version: 2.3.49 (*29 September 2021).
Authors: A. Alloul, N. Christensen, C. Degrande, C. Duhr, B. Fuks
 
Please cite:
    - Comput.Phys.Commun.185:2250-2300,2014 (arXiv:1310.1921);
    - Comput.Phys.Commun.180:1614-1641,2009 (arXiv:0806.4194).
 
http://feynrules.phys.ucl.ac.be
 
The FeynRules palette can be opened using the command FRPalette[].
[INFO] Loading SM from: /Users/kenwu/feynrules-current/Models/SM/SM.fr
Merging model-files...
This model implementation was created by
Automated extraction from arXiv:2104.10902
Model Version: 1.0
Please cite
A. Das, P. S. B. Dev, Y. Hosotani, S. Mandal, arXiv:2104.10902
https://arxiv.org/abs/2104.10902
For more information, type ModelInformation[].

   - Loading particle classes.
   - Loading gauge group classes.
   - Loading parameter classes.

Model GeneralU1_gen loaded.
[INFO] Lagrangian: LTotal
[INFO] Running consistency checks: hermiticity, kinetic_diagonal, mass_diagonal, mass_spectrum
HEPTAPOD-CHECK|scope=model|name=hermiticity|verdict=fail|detail=Checking for hermiticity by calculating the Feynman rules contained in L-HC[L]. If the lagrangian is hermitian, then the number of vertices should be zero. Starting Feynman rule calculation. Expanding the Lagrangian... Expanding the indices over 8 cores Collecting the different structures that enter the vertex. 6 possible non-zero vertices have been found -> starting the computation: Dynamic[FR$Fe
HEPTAPOD-CHECK|scope=model|name=kinetic_diagonal|verdict=pass|detail=Neglecting all terms with more than 2 particles. All kinetic terms are diagonal.
HEPTAPOD-CHECK|scope=model|name=mass_diagonal|verdict=fail|detail=Non diagonal mass term found:   vev Conjugate[ynu[Index[Generation, 1], Index[Generation, 1]]] NX1bar[Index[Spin, r$18444]] . ve[Index[Spin, r$18445]] ProjM[Index[Spin, r$18444], Index[Spin, r$18445]] -(------------------------------------------------------------------------------------------------------------------------------------------------------------------------)                            
HEPTAPOD-CHECK|scope=model|name=mass_spectrum|verdict=inconclusive|detail=Neglecting all terms with more than 2 particles. Non diagonal mass term found:   vev Conjugate[ynu[Index[Generation, 1], Index[Generation, 1]]] NX1bar[Index[Spin, r$18444]] . ve[Index[Spin, r$18445]] ProjM[Index[Spin, r$18444], Index[Spin, r$18445]] -(----------------------------------------------------------------------------------------------------------------------------------------------------
[INFO] ChecksOnly=true; skipping UFO generation.
[INFO] Done.
