[INFO] Loading via explicit file: /Users/kenwu/feynrules-current/FeynRules.m
 - FeynRules - 
Version: 2.3.49 (*29 September 2021).
Authors: A. Alloul, N. Christensen, C. Degrande, C. Duhr, B. Fuks
 
Please cite:
    - Comput.Phys.Commun.185:2250-2300,2014 (arXiv:1310.1921);
    - Comput.Phys.Commun.180:1614-1641,2009 (arXiv:0806.4194).
 
http://feynrules.phys.ucl.ac.be
 
The FeynRules palette can be opened using the command FRPalette[].
[INFO] Loading SM from: /Users/kenwu/feynrules-current/Models/SM/SM.fr
Merging model-files...
This model implementation was created by
Tao Han
Ian Lewis
Thomas McElmurry
Model Version: 1.0
For more information, type ModelInformation[].

   - Loading particle classes.
   - Loading gauge group classes.
   - Loading parameter classes.

Model Sextets_gen loaded.
[INFO] Total Lagrangian: LSM + LDiquark
[INFO] Running FeynRules consistency checks.
HEPTAPOD-CHECK-BEGIN: hermiticity
Checking for hermiticity by calculating the Feynman rules contained in L-HC[L].
If the lagrangian is hermitian, then the number of vertices should be zero.
Starting Feynman rule calculation.
Expanding the Lagrangian...
Expanding the indices over 8 cores
Collecting the different structures that enter the vertex.
12 possible non-zero vertices have been found -> starting the computation: Dynamic[FR$FeynmanRules] / 12.
9 vertices obtained.
The lagrangian appears not to be hermitian.
Non vanishing terms during the Feynman rule calculation for L - HC[L]:
{{{A, 1}, {D6dd, 2}, {D6ddbar, 3}, {G, 4}}, (4*I)/3*ee*gs*ME[Index[Lorentz, Ext[1]], Index[Lorentz, Ext[4]]]*(Conjugate[T6[Index[Gluon, Ext[4]], Index[Sextet, Ext[2]], Index[Sextet, Ext[3]]]] - T6[Index[Gluon, Ext[4]], Index[Sextet, Ext[3]], Index[Sextet, Ext[2]]])}
{{{A, 1}, {D6ud, 2}, {D6udbar, 3}, {G, 4}}, (-2*I)/3*ee*gs*ME[Index[Lorentz, Ext[1]], Index[Lorentz, Ext[4]]]*(Conjugate[T6[Index[Gluon, Ext[4]], Index[Sextet, Ext[2]], Index[Sextet, Ext[3]]]] - T6[Index[Gluon, Ext[4]], Index[Sextet, Ext[3]], Index[Sextet, Ext[2]]])}
{{{A, 1}, {D6uu, 2}, {D6uubar, 3}, {G, 4}}, (-8*I)/3*ee*gs*ME[Index[Lorentz, Ext[1]], Index[Lorentz, Ext[4]]]*(Conjugate[T6[Index[Gluon, Ext[4]], Index[Sextet, Ext[2]], Index[Sextet, Ext[3]]]] - T6[Index[Gluon, Ext[4]], Index[Sextet, Ext[3]], Index[Sextet, Ext[2]]])}
{{{D6dd, 1}, {D6ddbar, 2}, {G, 3}}, -I*gs*(FV[1, Index[Lorentz, Ext[3]]] - FV[2, Index[Lorentz, Ext[3]]])*(Conjugate[T6[Index[Gluon, Ext[3]], Index[Sextet, Ext[1]], Index[Sextet, Ext[2]]]] - T6[Index[Gluon, Ext[3]], Index[Sextet, Ext[2]], Index[Sextet, Ext[1]]])}
{{{D6ud, 1}, {D6udbar, 2}, {G, 3}}, -I*gs*(FV[1, Index[Lorentz, Ext[3]]] - FV[2, Index[Lorentz, Ext[3]]])*(Conjugate[T6[Index[Gluon, Ext[3]], Index[Sextet, Ext[1]], Index[Sextet, Ext[2]]]] - T6[Index[Gluon, Ext[3]], Index[Sextet, Ext[2]], Index[Sextet, Ext[1]]])}
{{{D6uu, 1}, {D6uubar, 2}, {G, 3}}, -I*gs*(FV[1, Index[Lorentz, Ext[3]]] - FV[2, Index[Lorentz, Ext[3]]])*(Conjugate[T6[Index[Gluon, Ext[3]], Index[Sextet, Ext[1]], Index[Sextet, Ext[2]]]] - T6[Index[Gluon, Ext[3]], Index[Sextet, Ext[2]], Index[Sextet, Ext[1]]])}
{{{D6dd, 1}, {D6ddbar, 2}, {G, 3}, {G, 4}}, -I*gs^2*ME[Index[Lorentz, Ext[3]], Index[Lorentz, Ext[4]]]*(Conjugate[T6[Index[Gluon, Ext[3]], Index[Sextet, Ext[1]], Index[Sextet, Sextet$1]]]*Conjugate[T6[Index[Gluon, Ext[4]], Index[Sextet, Sextet$1], Index[Sextet, Ext[2]]]] + Conjugate[T6[Index[Gluon, Ext[3]], Index[Sextet, Sextet$1], Index[Sextet, Ext[2]]]]*Conjugate[T6[Index[Gluon, Ext[4]], Index[Sextet, Ext[1]], Index[Sextet, Sextet$1]]] - T6[Index[Gluon, Ext[3]], Index[Sextet, Ext[2]], Index[Sextet, Sextet$1]]*T6[Index[Gluon, Ext[4]], Index[Sextet, Sextet$1], Index[Sextet, Ext[1]]] - T6[Index[Gluon, Ext[3]], Index[Sextet, Sextet$1], Index[Sextet, Ext[1]]]*T6[Index[Gluon, Ext[4]], Index[Sextet, Ext[2]], Index[Sextet, Sextet$1]])}
{{{D6ud, 1}, {D6udbar, 2}, {G, 3}, {G, 4}}, -I*gs^2*ME[Index[Lorentz, Ext[3]], Index[Lorentz, Ext[4]]]*(Conjugate[T6[Index[Gluon, Ext[3]], Index[Sextet, Ext[1]], Index[Sextet, Sextet$1]]]*Conjugate[T6[Index[Gluon, Ext[4]], Index[Sextet, Sextet$1], Index[Sextet, Ext[2]]]] + Conjugate[T6[Index[Gluon, Ext[3]], Index[Sextet, Sextet$1], Index[Sextet, Ext[2]]]]*Conjugate[T6[Index[Gluon, Ext[4]], Index[Sextet, Ext[1]], Index[Sextet, Sextet$1]]] - T6[Index[Gluon, Ext[3]], Index[Sextet, Ext[2]], Index[Sextet, Sextet$1]]*T6[Index[Gluon, Ext[4]], Index[Sextet, Sextet$1], Index[Sextet, Ext[1]]] - T6[Index[Gluon, Ext[3]], Index[Sextet, Sextet$1], Index[Sextet, Ext[1]]]*T6[Index[Gluon, Ext[4]], Index[Sextet, Ext[2]], Index[Sextet, Sextet$1]])}
{{{D6uu, 1}, {D6uubar, 2}, {G, 3}, {G, 4}}, -I*gs^2*ME[Index[Lorentz, Ext[3]], Index[Lorentz, Ext[4]]]*(Conjugate[T6[Index[Gluon, Ext[3]], Index[Sextet, Ext[1]], Index[Sextet, Sextet$1]]]*Conjugate[T6[Index[Gluon, Ext[4]], Index[Sextet, Sextet$1], Index[Sextet, Ext[2]]]] + Conjugate[T6[Index[Gluon, Ext[3]], Index[Sextet, Sextet$1], Index[Sextet, Ext[2]]]]*Conjugate[T6[Index[Gluon, Ext[4]], Index[Sextet, Ext[1]], Index[Sextet, Sextet$1]]] - T6[Index[Gluon, Ext[3]], Index[Sextet, Ext[2]], Index[Sextet, Sextet$1]]*T6[Index[Gluon, Ext[4]], Index[Sextet, Sextet$1], Index[Sextet, Ext[1]]] - T6[Index[Gluon, Ext[3]], Index[Sextet, Sextet$1], Index[Sextet, Ext[1]]]*T6[Index[Gluon, Ext[4]], Index[Sextet, Ext[2]], Index[Sextet, Sextet$1]])}
HEPTAPOD-CHECK-END: hermiticity
HEPTAPOD-CHECK-BEGIN: kinetic_terms
Neglecting all terms with more than 2 particles.
All kinetic terms are diagonal.
HEPTAPOD-CHECK-END: kinetic_terms
HEPTAPOD-CHECK-BEGIN: mass_spectrum
Neglecting all terms with more than 2 particles.
All mass terms are diagonal.
Getting mass spectrum.
Checking for less then 0.1% agreement with model file values.
HEPTAPOD-CHECK-END: mass_spectrum
[INFO] UFO output: /tmp/rerun_bench/v2_s1/Sextets_UFO  (AddDecays -> False)
 --- Universal FeynRules Output (UFO) v 1.1 ---
Starting Feynman rule calculation.
Expanding the Lagrangian...
Expanding the indices over 8 cores
Collecting the different structures that enter the vertex.
212 possible non-zero vertices have been found -> starting the computation: Dynamic[FR$FeynmanRules] / 212.
195 vertices obtained.
Flavor expansion of the vertices distributed over 8 cores: Dynamic[FR$Count1] / 195
   - Saved vertices in InterfaceRun[ 1 ].
Preparing Python output.
    - Splitting vertices into building blocks.
Splitting of vertices distributed over 8 kernels.
    - Optimizing: Dynamic[PRIVATE`PY$SplitVertexCounter]/265 .
    - Writing files.
Done!
[INFO] Done.
