[INFO] Loading via explicit file: /Users/kenwu/feynrules-current/FeynRules.m
 - FeynRules - 
Version: 2.3.49 (*29 September 2021).
Authors: A. Alloul, N. Christensen, C. Degrande, C. Duhr, B. Fuks
 
Please cite:
    - Comput.Phys.Commun.185:2250-2300,2014 (arXiv:1310.1921);
    - Comput.Phys.Commun.180:1614-1641,2009 (arXiv:0806.4194).
 
http://feynrules.phys.ucl.ac.be
 
The FeynRules palette can be opened using the command FRPalette[].
[INFO] Loading SM from: /Users/kenwu/feynrules-current/Models/SM/SM.fr
Merging model-files...
This model implementation was created by
P. Artoisenet
P. de Aquino
F. Demartin
R. Frederix
S. Frixione
F. Maltoni
M. K. Mandal
P. Mathews
K. Mawatari
V. Ravindran
S. Seth
P. Torrielli
M. Zaro
Model Version: 1.0
For more information, type ModelInformation[].

   - Loading particle classes.
   - Loading gauge group classes.
   - Loading parameter classes.

Model HiggsCharacterisation_gen loaded.
[INFO] Total Lagrangian: LSM + LHC
[INFO] Running FeynRules consistency checks.
HEPTAPOD-CHECK-BEGIN: hermiticity
Checking for hermiticity by calculating the Feynman rules contained in L-HC[L].
If the lagrangian is hermitian, then the number of vertices should be zero.
Starting Feynman rule calculation.
Expanding the Lagrangian...
Expanding the indices over 8 cores
Collecting the different structures that enter the vertex.
1 possible non-zero vertices have been found -> starting the computation: Dynamic[FR$FeynmanRules] / 1.
1 vertex obtained.
The lagrangian appears not to be hermitian.
Non vanishing terms during the Feynman rule calculation for L - HC[L]:
{{{G, 1}, {G, 2}, {X0, 3}}, I/4*gAgg*gs*kAgg*sina*(f[Index[Gluon, a], Index[Gluon, Ext[1]], Index[Gluon, Ext[2]]]*FSDual[G, mu, nu, aa] - f[Index[Gluon, b], Index[Gluon, Ext[1]], Index[Gluon, Ext[2]]]*HC[FSDual[G, mu, nu, aa]])*(ME[Index[Lorentz, α], Index[Lorentz, Ext[2]]]*ME[Index[Lorentz, β], Index[Lorentz, Ext[1]]] - ME[Index[Lorentz, α], Index[Lorentz, Ext[1]]]*ME[Index[Lorentz, β], Index[Lorentz, Ext[2]]])}
HEPTAPOD-CHECK-END: hermiticity
HEPTAPOD-CHECK-BEGIN: kinetic_terms
Neglecting all terms with more than 2 particles.
All kinetic terms are diagonal.
HEPTAPOD-CHECK-END: kinetic_terms
HEPTAPOD-CHECK-BEGIN: mass_spectrum
Neglecting all terms with more than 2 particles.
All mass terms are diagonal.
Getting mass spectrum.
Checking for less then 0.1% agreement with model file values.
HEPTAPOD-CHECK-END: mass_spectrum
[INFO] UFO output: /tmp/rerun_bench/v2_s1/HiggsCharacterisation_UFO  (AddDecays -> False)
 --- Universal FeynRules Output (UFO) v 1.1 ---
Starting Feynman rule calculation.
Expanding the Lagrangian...
Expanding the indices over 8 cores
Collecting the different structures that enter the vertex.
126 possible non-zero vertices have been found -> starting the computation: Dynamic[FR$FeynmanRules] / 126.
121 vertices obtained.
Flavor expansion of the vertices distributed over 8 cores: Dynamic[FR$Count1] / 121
   - Saved vertices in InterfaceRun[ 1 ].
Preparing Python output.
    - Splitting vertices into building blocks.
Splitting of vertices distributed over 8 kernels.
    - Optimizing: Dynamic[PRIVATE`PY$SplitVertexCounter]/211 .
    - Writing files.
Done!
[INFO] Done.
