[INFO] Loading via explicit file: /Users/kenwu/feynrules-current/FeynRules.m
 - FeynRules - 
Version: 2.3.49 (*29 September 2021).
Authors: A. Alloul, N. Christensen, C. Degrande, C. Duhr, B. Fuks
 
Please cite:
    - Comput.Phys.Commun.185:2250-2300,2014 (arXiv:1310.1921);
    - Comput.Phys.Commun.180:1614-1641,2009 (arXiv:0806.4194).
 
http://feynrules.phys.ucl.ac.be
 
The FeynRules palette can be opened using the command FRPalette[].
[INFO] Loading SM from: /Users/kenwu/feynrules-current/Models/SM/SM.fr
Merging model-files...
This model implementation was created by
I. Antoniadis
A. Boyarsky
S. Espahbodi
O. Ruchayskiy
J. D. Wells
Model Version: 1.0
For more information, type ModelInformation[].

   - Loading particle classes.
   - Loading gauge group classes.
   - Loading parameter classes.

Model ChernSimonsPortal_gen loaded.
[INFO] Total Lagrangian: LSM + LTotal
[INFO] Running FeynRules consistency checks.
HEPTAPOD-CHECK-BEGIN: hermiticity
Checking for hermiticity by calculating the Feynman rules contained in L-HC[L].
If the lagrangian is hermitian, then the number of vertices should be zero.
Starting Feynman rule calculation.
Expanding the Lagrangian...
Expanding the indices over 8 cores
Collecting the different structures that enter the vertex.
No vertices found.
0 vertices obtained.
The lagrangian is hermitian.
HEPTAPOD-CHECK-END: hermiticity
HEPTAPOD-CHECK-BEGIN: kinetic_terms
Neglecting all terms with more than 2 particles.
All kinetic terms are diagonal.
HEPTAPOD-CHECK-END: kinetic_terms
HEPTAPOD-CHECK-BEGIN: mass_spectrum
Neglecting all terms with more than 2 particles.
Non diagonal mass term found: -((vev*yf1*XS1bar[Index[Spin, r$18893]] . XD1d[Index[Spin, r$18894]]*ProjM[Index[Spin, r$18893], Index[Spin, r$18894]])/Sqrt[2])
Non diagonal mass term found: -((vev*yf1*XD1dbar[Index[Spin, sp2$18886]] . XS1[Index[Spin, sp2$18883]]*ProjP[Index[Spin, sp2$18886], Index[Spin, sp2$18883]])/Sqrt[2])
HEPTAPOD-CHECK-END: mass_spectrum
[INFO] UFO output: /tmp/rerun_bench/v2_s1/ChernSimonsPortal_UFO  (AddDecays -> False)
 --- Universal FeynRules Output (UFO) v 1.1 ---
Starting Feynman rule calculation.
Expanding the Lagrangian...
Expanding the indices over 8 cores
Collecting the different structures that enter the vertex.
208 possible non-zero vertices have been found -> starting the computation: Dynamic[FR$FeynmanRules] / 208.
187 vertices obtained.
Flavor expansion of the vertices distributed over 8 cores: Dynamic[FR$Count1] / 187
   - Saved vertices in InterfaceRun[ 1 ].
Preparing Python output.
    - Splitting vertices into building blocks.
Splitting of vertices distributed over 8 kernels.
    - Optimizing: Dynamic[PRIVATE`PY$SplitVertexCounter]/257 .
    - Writing files.
Done!
[INFO] Done.
